// Jest Snapshot v1, https://goo.gl/fbAQLP

exports[`<BackArrow /> to match snapshot 1`] = `<Text />`;
