// Jest Snapshot v1, https://goo.gl/fbAQLP

exports[`<Header /> to match snapshot 1`] = `
<View
  onLayout={[Function]}
>
  <View
    iosBarStyle="light-content"
    style={
      Array [
        Object {
          "backgroundColor": "transparent",
          "borderBottomColor": "transparent",
          "borderBottomWidth": 0.5,
          "elevation": 0,
          "flexDirection": "row",
          "height": 64,
          "justifyContent": "center",
          "left": 0,
          "paddingLeft": 6,
          "paddingRight": 10,
          "paddingTop": 18,
          "right": 0,
          "shadowColor": null,
          "shadowOffset": null,
          "shadowOpacity": null,
          "shadowRadius": null,
          "top": 0,
        },
        Object {
          "backgroundColor": "#17191c",
        },
      ]
    }
    transparent={true}
  >
    <View
      style={
        Object {
          "alignItems": "flex-start",
          "alignSelf": "center",
          "flex": 1,
        }
      }
    />
    <View
      style={
        Object {
          "alignItems": "center",
          "alignSelf": "center",
          "flex": 1,
        }
      }
    >
      <Text
        numberOfLines={1}
        style={
          Array [
            Object {
              "color": "#000",
              "fontFamily": "System",
              "fontSize": 17,
              "fontWeight": "700",
              "marginLeft": undefined,
              "paddingLeft": 4,
              "paddingTop": 1,
              "textAlign": "center",
            },
            Object {
              "color": "#fff",
              "fontSize": 16,
              "fontWeight": "600",
              "letterSpacing": 1.1,
              "minWidth": 250,
              "overflow": "visible",
            },
          ]
        }
      />
    </View>
    <View
      style={
        Object {
          "alignItems": "flex-end",
          "alignSelf": "center",
          "flex": 1,
          "flexDirection": "row",
          "justifyContent": "flex-end",
        }
      }
    />
  </View>
</View>
`;
